// Jest Snapshot v1, https://goo.gl/fbAQLP

exports[`Mainpage suite Renders correctly 1`] = `
<div
  className="sc-fKVqWL jCzvhL"
>
  <button
    aria-label="check"
    className="MuiButtonBase-root MuiFab-root MuiFab-circular MuiFab-sizeLarge MuiFab-primary css-1ckp4x4-MuiButtonBase-root-MuiFab-root"
    disabled={false}
    onBlur={[Function]}
    onContextMenu={[Function]}
    onDragLeave={[Function]}
    onFocus={[Function]}
    onKeyDown={[Function]}
    onKeyUp={[Function]}
    onMouseDown={[Function]}
    onMouseLeave={[Function]}
    onMouseUp={[Function]}
    onTouchEnd={[Function]}
    onTouchMove={[Function]}
    onTouchStart={[Function]}
    style={
      Object {
        "bottom": 20,
        "left": "auto",
        "margin": 0,
        "position": "fixed",
        "right": 20,
        "top": "auto",
      }
    }
    tabIndex={0}
    type="button"
  >
    <svg
      aria-hidden={true}
      className="MuiSvgIcon-root MuiSvgIcon-fontSizeMedium css-i4bv87-MuiSvgIcon-root"
      data-testid="AddIcon"
      focusable="false"
      onClick={[Function]}
      viewBox="0 0 24 24"
    >
      <path
        d="M19 13h-6v6h-2v-6H5v-2h6V5h2v6h6v2z"
      />
    </svg>
  </button>
  <div
    className="sc-bBHxTw eilNef"
  >
    <div
      className="MuiBox-root css-1hbj5v0"
    >
      <ul
        className="MuiList-root MuiList-padding css-d05jsf-MuiList-root"
        style={
          Object {
            "maxHeight": "100%",
            "overflow": "auto",
          }
        }
      >
        <div
          className="MuiBox-root css-0"
          style={
            Object {
              "display": "flex",
              "width": "90%",
            }
          }
        >
          <div
            className="MuiBox-root css-jfhg9a"
          >
            <div
              aria-label="horizontal contained button group"
              className="MuiButtonGroup-root MuiButtonGroup-contained css-6ekcsh-MuiButtonGroup-root"
              role="group"
            >
              <button
                className="MuiButton-root MuiButton-contained MuiButton-containedPrimary MuiButton-sizeLarge MuiButton-containedSizeLarge MuiButtonBase-root MuiButtonGroup-grouped MuiButtonGroup-groupedHorizontal MuiButtonGroup-groupedContained MuiButtonGroup-groupedContainedHorizontal MuiButtonGroup-groupedContainedPrimary MuiButtonGroup-grouped MuiButtonGroup-groupedHorizontal MuiButtonGroup-groupedContained MuiButtonGroup-groupedContainedHorizontal MuiButtonGroup-groupedContainedPrimary css-j82eom-MuiButtonBase-root-MuiButton-root"
                disabled={false}
                onBlur={[Function]}
                onClick={[Function]}
                onContextMenu={[Function]}
                onDragLeave={[Function]}
                onFocus={[Function]}
                onKeyDown={[Function]}
                onKeyUp={[Function]}
                onMouseDown={[Function]}
                onMouseLeave={[Function]}
                onMouseUp={[Function]}
                onTouchEnd={[Function]}
                onTouchMove={[Function]}
                onTouchStart={[Function]}
                style={
                  Object {
                    "justifyContent": "center",
                  }
                }
                tabIndex={0}
                type="button"
              >
                 
                Inbox
              </button>
              <button
                className="MuiButton-root MuiButton-contained MuiButton-containedPrimary MuiButton-sizeLarge MuiButton-containedSizeLarge MuiButtonBase-root MuiButtonGroup-grouped MuiButtonGroup-groupedHorizontal MuiButtonGroup-groupedContained MuiButtonGroup-groupedContainedHorizontal MuiButtonGroup-groupedContainedPrimary MuiButtonGroup-grouped MuiButtonGroup-groupedHorizontal MuiButtonGroup-groupedContained MuiButtonGroup-groupedContainedHorizontal MuiButtonGroup-groupedContainedPrimary css-j82eom-MuiButtonBase-root-MuiButton-root"
                disabled={false}
                onBlur={[Function]}
                onClick={[Function]}
                onContextMenu={[Function]}
                onDragLeave={[Function]}
                onFocus={[Function]}
                onKeyDown={[Function]}
                onKeyUp={[Function]}
                onMouseDown={[Function]}
                onMouseLeave={[Function]}
                onMouseUp={[Function]}
                onTouchEnd={[Function]}
                onTouchMove={[Function]}
                onTouchStart={[Function]}
                style={
                  Object {
                    "justifyContent": "center",
                  }
                }
                tabIndex={0}
                type="button"
              >
                 
                Browse
              </button>
            </div>
          </div>
        </div>
      </ul>
    </div>
    <div
      className="sc-iwjdpV fZAKJX"
    >
      <div
        className="sc-hBUSln jrhiCv"
      >
        <div
          className="sc-fotOHu hFHCBv"
        >
          Github Activity
        </div>
        <div
          className="sc-fotOHu hFHCBv"
        >
          <span
            className="MuiCircularProgress-root MuiCircularProgress-indeterminate MuiCircularProgress-colorSuccess css-15u8j6q-MuiCircularProgress-root"
            role="progressbar"
            style={
              Object {
                "height": 40,
                "width": 40,
              }
            }
          >
            <svg
              className="MuiCircularProgress-svg css-1idz92c-MuiCircularProgress-svg"
              viewBox="22 22 44 44"
            >
              <circle
                className="MuiCircularProgress-circle MuiCircularProgress-circleIndeterminate css-176wh8e-MuiCircularProgress-circle"
                cx={44}
                cy={44}
                fill="none"
                r={20.2}
                strokeWidth={3.6}
                style={Object {}}
              />
            </svg>
          </span>
        </div>
      </div>
    </div>
  </div>
</div>
`;
